<?xml version='1.0' encoding='UTF-8'?>
<caom2:Observation xmlns:caom2="http://www.opencadc.org/caom2/xml/v2.4" xmlns:xsi="http://www.w3.org/2001/XMLSchema-instance" xsi:type="caom2:SimpleObservation" caom2:id="f8015fec-cf14-49ec-8c2e-ffc0a4fc920c" caom2:metaProducer="racs2caom2/0.1.0">
  <caom2:collection>RACS</caom2:collection>
  <caom2:observationID>RACS-DR1_2041-62A</caom2:observationID>
  <caom2:metaRelease>2022-01-01T00:00:00.000</caom2:metaRelease>
  <caom2:algorithm>
    <caom2:name>exposure</caom2:name>
  </caom2:algorithm>
  <caom2:type>OBJECT</caom2:type>
  <caom2:intent>science</caom2:intent>
  <caom2:proposal>
    <caom2:id>RACS-DR1_2041-62A.fits</caom2:id>
    <caom2:project>RACS</caom2:project>
    <caom2:title>RACS</caom2:title>
  </caom2:proposal>
  <caom2:telescope>
    <caom2:name>ASKAP</caom2:name>
  </caom2:telescope>
  <caom2:instrument>
    <caom2:name>ASKAP</caom2:name>
  </caom2:instrument>
  <caom2:planes>
    <caom2:plane caom2:id="ab4dee88-1d95-45ba-8f38-2bbf0fc20cbd" caom2:metaProducer="racs2caom2/0.1.0">
      <caom2:productID>RACS-DR1_2041-62A</caom2:productID>
      <caom2:metaRelease>2022-01-01T00:00:00.000</caom2:metaRelease>
      <caom2:dataRelease>2022-01-01T00:00:00.000</caom2:dataRelease>
      <caom2:dataProductType>image</caom2:dataProductType>
      <caom2:calibrationLevel>2</caom2:calibrationLevel>
      <caom2:provenance>
        <caom2:name>ASKAPsoft</caom2:name>
        <caom2:project>RACS</caom2:project>
        <caom2:producer>CSIRO</caom2:producer>
      </caom2:provenance>
      <caom2:artifacts>
        <caom2:artifact caom2:id="743712d6-2b28-4e3a-8997-876d365ff296" caom2:metaProducer="racs2caom2/0.1.0">
          <caom2:uri>casda:RACS/RACS-DR1_2041-62A.fits</caom2:uri>
          <caom2:productType>science</caom2:productType>
          <caom2:releaseType>data</caom2:releaseType>
          <caom2:contentType>application/fits</caom2:contentType>
          <caom2:contentLength>5022</caom2:contentLength>
          <caom2:parts>
            <caom2:part caom2:id="ac9d6399-2bda-402f-a8fd-34bdaf40d1c8">
              <caom2:name>0</caom2:name>
              <caom2:chunks>
                <caom2:chunk caom2:id="22c43b82-d867-49de-8adb-4d94fb429303" caom2:metaProducer="racs2caom2/0.1.0">
                  <caom2:naxis>4</caom2:naxis>
                  <caom2:positionAxis1>1</caom2:positionAxis1>
                  <caom2:positionAxis2>2</caom2:positionAxis2>
                  <caom2:energyAxis>3</caom2:energyAxis>
                  <caom2:polarizationAxis>4</caom2:polarizationAxis>
                  <caom2:position>
                    <caom2:axis>
                      <caom2:axis1>
                        <caom2:ctype>RA---SIN</caom2:ctype>
                        <caom2:cunit>deg</caom2:cunit>
                      </caom2:axis1>
                      <caom2:axis2>
                        <caom2:ctype>DEC--SIN</caom2:ctype>
                        <caom2:cunit>deg</caom2:cunit>
                      </caom2:axis2>
                      <caom2:function>
                        <caom2:dimension>
                          <caom2:naxis1>14332</caom2:naxis1>
                          <caom2:naxis2>14330</caom2:naxis2>
                        </caom2:dimension>
                        <caom2:refCoord>
                          <caom2:coord1>
                            <caom2:pix>7166.5</caom2:pix>
                            <caom2:val>310.37242</caom2:val>
                          </caom2:coord1>
                          <caom2:coord2>
                            <caom2:pix>7165.5</caom2:pix>
                            <caom2:val>-62.54363333333</caom2:val>
                          </caom2:coord2>
                        </caom2:refCoord>
                        <caom2:cd11>-0.0006944444444444</caom2:cd11>
                        <caom2:cd12>0.0</caom2:cd12>
                        <caom2:cd21>0.0</caom2:cd21>
                        <caom2:cd22>0.0006944444444444</caom2:cd22>
                      </caom2:function>
                    </caom2:axis>
                    <caom2:coordsys>ICRS</caom2:coordsys>
                    <caom2:equinox>2000.0</caom2:equinox>
                  </caom2:position>
                  <caom2:energy>
                    <caom2:axis>
                      <caom2:axis>
                        <caom2:ctype>FREQ</caom2:ctype>
                        <caom2:cunit>Hz</caom2:cunit>
                      </caom2:axis>
                      <caom2:function>
                        <caom2:naxis>1</caom2:naxis>
                        <caom2:delta>1.0</caom2:delta>
                        <caom2:refCoord>
                          <caom2:pix>1.0</caom2:pix>
                          <caom2:val>887491000.0</caom2:val>
                        </caom2:refCoord>
                      </caom2:function>
                    </caom2:axis>
                    <caom2:specsys>TOPOCENT</caom2:specsys>
                    <caom2:restfrq>887491000.0</caom2:restfrq>
                    <caom2:bandpassName>UHF-band</caom2:bandpassName>
                  </caom2:energy>
                  <caom2:polarization>
                    <caom2:axis>
                      <caom2:axis>
                        <caom2:ctype>STOKES</caom2:ctype>
                      </caom2:axis>
                      <caom2:function>
                        <caom2:naxis>1</caom2:naxis>
                        <caom2:delta>1.0</caom2:delta>
                        <caom2:refCoord>
                          <caom2:pix>1.0</caom2:pix>
                          <caom2:val>1.0</caom2:val>
                        </caom2:refCoord>
                      </caom2:function>
                    </caom2:axis>
                  </caom2:polarization>
                </caom2:chunk>
              </caom2:chunks>
            </caom2:part>
          </caom2:parts>
        </caom2:artifact>
      </caom2:artifacts>
    </caom2:plane>
  </caom2:planes>
</caom2:Observation>
